2026-09-19 21:29:25,106 - SECURITY_AUDIT - Received chat request (conv_id=None, doc_id=None)
2026-09-19 21:29:25,113 - SECURITY_AUDIT - Routed to Medical RAG Agent (Intent: MEDICAL_QA)
2026-09-19 21:29:35,293 - SECURITY_AUDIT - Agent execution completed successfully (Confidence: 97)
2026-09-19 21:46:59,451 - SECURITY_AUDIT - Received chat request (conv_id=None, doc_id=None)
2026-09-19 21:46:59,454 - SECURITY_AUDIT - Routed to Medical RAG Agent (Intent: MEDICAL_QA)
2026-09-19 21:47:09,312 - SECURITY_AUDIT - Agent execution completed successfully (Confidence: 97)
2026-09-19 21:53:03,644 - SECURITY_AUDIT - Received chat request (conv_id=None, doc_id=None)
2026-09-19 21:53:03,649 - SECURITY_AUDIT - Routed to Medical RAG Agent (Intent: MEDICAL_QA)
2026-09-19 21:53:14,005 - SECURITY_AUDIT - Agent execution completed successfully (Confidence: 97)
2026-09-19 21:59:20,735 - SECURITY_AUDIT - Received chat request (conv_id=c1db4612-868b-4e28-8a4a-251c1eff1807, doc_id=None)
2026-09-19 21:59:20,754 - SECURITY_AUDIT - Routed to Medical RAG Agent (Intent: MEDICAL_QA)
2026-09-19 21:59:21,369 - SECURITY_AUDIT - Agent execution completed successfully (Confidence: 97)
2026-09-19 21:59:51,710 - SECURITY_AUDIT - Received chat request (conv_id=c1db4612-868b-4e28-8a4a-251c1eff1807, doc_id=None)
2026-09-19 21:59:51,711 - SECURITY_AUDIT - Routed to Medical RAG Agent (Intent: MEDICAL_QA)
2026-09-19 21:59:51,749 - SECURITY_AUDIT - Agent execution completed successfully (Confidence: 97)
2026-09-19 22:00:49,049 - SECURITY_AUDIT - Received chat request (conv_id=None, doc_id=None)
2026-09-19 22:00:49,051 - SECURITY_AUDIT - Routed to Medical RAG Agent (Intent: MEDICAL_QA)
2026-09-19 22:00:49,106 - SECURITY_AUDIT - Agent execution completed successfully (Confidence: 97)
2026-09-19 22:01:55,235 - SECURITY_AUDIT - Received chat request (conv_id=None, doc_id=None)
2026-09-19 22:01:55,236 - SECURITY_AUDIT - Routed to Medical RAG Agent (Intent: MEDICAL_QA)
2026-09-19 22:01:55,433 - SECURITY_AUDIT - Agent execution completed successfully (Confidence: 97)
2026-09-19 22:02:02,013 - SECURITY_AUDIT - Received chat request (conv_id=None, doc_id=None)
2026-09-19 22:02:02,014 - SECURITY_AUDIT - Routed to Medical RAG Agent (Intent: MEDICAL_QA)
2026-09-19 22:02:02,083 - SECURITY_AUDIT - Agent execution completed successfully (Confidence: 97)
2026-09-19 22:14:36,106 - SECURITY_AUDIT - Received chat request (conv_id=None, doc_id=None)
2026-09-19 22:14:36,121 - SECURITY_AUDIT - Routed to Web Search Agent (Intent: WEB_RESEARCH)
2026-09-19 22:14:36,144 - SECURITY_AUDIT - Agent execution completed successfully (Confidence: 97)
2026-09-19 22:14:43,354 - SECURITY_AUDIT - Received chat request (conv_id=9bf57fa4-2755-4dd5-997c-cc15fbc79162, doc_id=None)
2026-09-19 22:14:43,355 - SECURITY_AUDIT - Routed to Medical RAG Agent (Intent: MEDICAL_QA)
2026-09-19 22:14:44,144 - SECURITY_AUDIT - Agent execution completed successfully (Confidence: 97)
2026-09-19 22:22:32,230 - SECURITY_AUDIT - Received chat request (conv_id=None, doc_id=None)
2026-09-19 22:22:32,250 - SECURITY_AUDIT - Routed to Medical RAG Agent (Intent: MEDICAL_QA)
2026-09-19 22:22:42,717 - SECURITY_AUDIT - Agent execution completed successfully (Confidence: 97)
2026-09-19 22:30:19,695 - SECURITY_AUDIT - Received chat request (conv_id=3501c78a-053d-4e73-a425-364ac9ba77b3, doc_id=None)
2026-09-19 22:30:19,698 - SECURITY_AUDIT - Routed to Medical RAG Agent (Intent: MEDICAL_QA)
2026-09-19 22:30:32,639 - SECURITY_AUDIT - Agent execution completed successfully (Confidence: 97)
2026-09-19 22:30:46,205 - SECURITY_AUDIT - Received chat request (conv_id=3501c78a-053d-4e73-a425-364ac9ba77b3, doc_id=None)
2026-09-19 22:30:46,209 - SECURITY_AUDIT - Routed to Medical RAG Agent (Intent: MEDICAL_QA)
2026-09-19 22:30:47,092 - SECURITY_AUDIT - Agent execution completed successfully (Confidence: 91)
